// Jest Snapshot v1, https://goo.gl/fbAQLP

exports[`create-cycle-app when invoked with the the correct arguments it generate a correct package.json file 1`] = `
"{
  "name": "MYCYCLEAPP",
  "version": "0.1.0",
  "private": true,
  "devDependencies": {
    "cycle-scripts": "1.0.3"
  },
  "dependencies": {},
  "scripts": {
    "start": "cycle-scripts start",
    "test": "cycle-scripts test",
    "build": "cycle-scripts build",
    "eject": "cycle-scripts eject"
  },
  "babel": {
    "presets": [
      "es2015"
    ]
  }
}"
`;
